
   FAIL  Tests\Feature\CartTest
  Ô¿» cart pageÔÇª 2.87s  
  Ô£ô product cÔÇª 0.74s  
  Ô£ô cart itemÔÇª 0.64s  
  Ô£ô cart itemÔÇª 0.64s  
  ÔöÇÔöÇÔöÇÔöÇÔöÇÔöÇÔöÇÔöÇÔöÇÔöÇÔöÇÔöÇÔöÇÔöÇÔöÇÔöÇÔöÇÔöÇ  
   FAILED  Tests\Feature\CartTest > cart page can be rendered  BindingResolutionException   
  Target class [localeSessionRedirect] does not exist.

  at vendor\laravel\framework\src\Illuminate\Container\Container.php:1124
    1120Ôûò 
    1121Ôûò         try {
    1122Ôûò             $reflector = new ReflectionClass($concrete);
    1123Ôûò         } catch (ReflectionException $e) {
  Ô×£ 1124Ôûò             throw new BindingResolutionException("Target class [$concrete] does not exist.", 0, $e);
    1125Ôûò         }
    1126Ôûò 
    1127Ôûò         // If the type is not instantiable, the developer is attempting to resolve
    1128Ôûò         // an abstract type such as an Interface or Abstract Class and there is

  1   vendor\laravel\framework\src\Illuminate\Container\Container.php:1124

  2   vendor\laravel\framework\src\Illuminate\Container\Container.php:1122
      NunoMaduro\Collision\Exceptions\TestException::("Class "localeSessionRedirect" does not exist")


  Tests:    1 failed, 3 passed (4 assertions)
  Duration: 5.04s

